[debug] [2026-05-12T13:38:55.476Z] ----------------------------------------------------------------------
[debug] [2026-05-12T13:38:55.486Z] Command:       C:\Program Files\nodejs\node.exe C:\Users\jadau\AppData\Roaming\npm\node_modules\firebase-tools\lib\bin\firebase.js projects:list --json
[debug] [2026-05-12T13:38:55.487Z] CLI Version:   14.17.0
[debug] [2026-05-12T13:38:55.487Z] Platform:      win32
[debug] [2026-05-12T13:38:55.488Z] Node Version:  v22.20.0
[debug] [2026-05-12T13:38:55.489Z] Time:          Tue May 12 2026 18:38:55 GMT+0500 (Pakistan Standard Time)
[debug] [2026-05-12T13:38:55.490Z] ----------------------------------------------------------------------
[debug] 
[debug] [2026-05-12T13:38:55.497Z] >>> [apiv2][query] GET https://firebase-public.firebaseio.com/cli.json [none]
[debug] [2026-05-12T13:38:55.614Z] > command requires scopes: ["email","openid","https://www.googleapis.com/auth/cloudplatformprojects.readonly","https://www.googleapis.com/auth/firebase","https://www.googleapis.com/auth/cloud-platform"]
[debug] [2026-05-12T13:38:55.616Z] > authorizing via signed-in user (jadaunmahmood@gmail.com)
[debug] [2026-05-12T13:38:55.629Z] Checked if tokens are valid: false, expires at: 1759241399916
[debug] [2026-05-12T13:38:55.630Z] Checked if tokens are valid: false, expires at: 1759241399916
[debug] [2026-05-12T13:38:55.631Z] > refreshing access token with scopes: []
[debug] [2026-05-12T13:38:55.636Z] >>> [apiv2][query] POST https://www.googleapis.com/oauth2/v3/token [none]
[debug] [2026-05-12T13:38:55.637Z] >>> [apiv2][body] POST https://www.googleapis.com/oauth2/v3/token [omitted]
[debug] [2026-05-12T13:38:56.103Z] <<< [apiv2][status] POST https://www.googleapis.com/oauth2/v3/token 400
[debug] [2026-05-12T13:38:56.103Z] <<< [apiv2][body] POST https://www.googleapis.com/oauth2/v3/token [omitted]
[debug] [2026-05-12T13:38:56.106Z] >>> [apiv2][query] GET https://firebase.googleapis.com/v1beta1/projects pageSize=1000
[debug] [2026-05-12T13:38:56.424Z] <<< [apiv2][status] GET https://firebase-public.firebaseio.com/cli.json 200
[debug] [2026-05-12T13:38:56.425Z] <<< [apiv2][body] GET https://firebase-public.firebaseio.com/cli.json {"cloudBuildErrorAfter":1594252800000,"cloudBuildWarnAfter":1590019200000,"defaultNode10After":1594252800000,"minVersion":"3.0.5","node8DeploysDisabledAfter":1613390400000,"node8RuntimeDisabledAfter":1615809600000,"node8WarnAfter":1600128000000}
[debug] [2026-05-12T13:38:56.531Z] <<< [apiv2][status] GET https://firebase.googleapis.com/v1beta1/projects 401
[debug] [2026-05-12T13:38:56.531Z] <<< [apiv2][body] GET https://firebase.googleapis.com/v1beta1/projects [omitted]
[debug] [2026-05-12T13:38:56.531Z] Got a 401 Unauthenticated error for a call that required authentication. Refreshing tokens.
[debug] [2026-05-12T13:38:56.532Z] Checked if tokens are valid: false, expires at: 1759241399916
[debug] [2026-05-12T13:38:56.532Z] Checked if tokens are valid: false, expires at: 1759241399916
[debug] [2026-05-12T13:38:56.532Z] > refreshing access token with scopes: []
[debug] [2026-05-12T13:38:56.534Z] >>> [apiv2][query] POST https://www.googleapis.com/oauth2/v3/token [none]
[debug] [2026-05-12T13:38:56.534Z] >>> [apiv2][body] POST https://www.googleapis.com/oauth2/v3/token [omitted]
[debug] [2026-05-12T13:38:56.850Z] <<< [apiv2][status] POST https://www.googleapis.com/oauth2/v3/token 400
[debug] [2026-05-12T13:38:56.851Z] <<< [apiv2][body] POST https://www.googleapis.com/oauth2/v3/token [omitted]
[debug] [2026-05-12T13:38:56.856Z] Request to https://firebase.googleapis.com/v1beta1/projects?pageSize=1000 had HTTP Error: 401, Request had invalid authentication credentials. Expected OAuth 2 access token, login cookie or other valid authentication credential. See https://developers.google.com/identity/sign-in/web/devconsole-project.
[debug] [2026-05-12T13:38:57.351Z] FirebaseError: Request to https://firebase.googleapis.com/v1beta1/projects?pageSize=1000 had HTTP Error: 401, Request had invalid authentication credentials. Expected OAuth 2 access token, login cookie or other valid authentication credential. See https://developers.google.com/identity/sign-in/web/devconsole-project.
    at responseToError (C:\Users\jadau\AppData\Roaming\npm\node_modules\firebase-tools\lib\responseToError.js:52:12)
    at RetryOperation._fn (C:\Users\jadau\AppData\Roaming\npm\node_modules\firebase-tools\lib\apiv2.js:312:77)
    at process.processTicksAndRejections (node:internal/process/task_queues:105:5)
[error] 
[error] Error: Failed to list Firebase projects. See firebase-debug.log for more info.
